// Jest Snapshot v1, https://goo.gl/fbAQLP

exports[`Tests in Login.js should render <Login /> 1`] = `
<styled.div>
  <styled.a
    href="https://accounts.spotify.com/authorize?client_id=1fae6c9d97bd4d35b7771fd0a0ba8ba6&response_type=code&redirect_uri=http://localhost:3000&scope=streaming%20user-read-email%20user-read-private%20user-library-read%20user-library-modify%20user-read-playback-state%20user-modify-playback-state"
  >
    Login with Spotify
  </styled.a>
</styled.div>
`;
