// Jest Snapshot v1, https://goo.gl/fbAQLP

exports[`Tests in Player.js should render <Dashboard /> 1`] = `""`;
